MainMenuScene.Start called
Start button clicked
MainMenuScene.Start called
Start button clicked
MainMenuScene.Start called
MainMenuScene.Render called
MainMenuScene.Start called
Font missing
MainMenuScene.Render called
Start button clicked
MainMenuScene.Start called
Font missing
MainMenuScene.Render called
Start button clicked
MainMenuScene.Start called
Font missing
MainMenuScene.Render called
Showcase button clicked
MainMenuScene.Start called
Font missing
MainMenuScene.Render called
Start button clicked
MainMenuScene.Start called
Font loaded
MainMenuScene.Render called
Start button clicked
MainMenuScene.Start called
Font loaded
MainMenuScene.Render called
Start button clicked
MainMenuScene.Start called
Font loaded
MainMenuScene.Render called
Start button clicked
MainMenuScene.Start called
Font loaded
MainMenuScene.Render called
Showcase button clicked
MainMenuScene.Start called
Font loaded
MainMenuScene.Render called
Start button clicked
MainMenuScene.Start called
Font loaded
MainMenuScene.Render called
Start button clicked
MainMenuScene.Start called
Font loaded
MainMenuScene.Render called
Start button clicked
MainMenuScene.Start called
Font loaded
MainMenuScene.Render called
Start button clicked
MainMenuScene.Start called
Font loaded
MainMenuScene.Render called
Start button clicked
GameScene.Start groundY=301, playerStartY=301
MainMenuScene.Start called
Font loaded
MainMenuScene.Render called
Start button clicked
GameScene.Start floorY=600, playerStartY=301
GameScene.Start floorY=600, playerStartY=301
